#-----------------------------------------------------------
# Vivado v2020.2 (64-bit)
# SW Build 3064766 on Wed Nov 18 09:12:45 MST 2020
# IP Build 3064653 on Wed Nov 18 14:17:31 MST 2020
# Start of session at: Sun Apr 13 07:20:07 2025
# Process ID: 1364
# Current directory: C:/Users/parkj/Desktop/RV32I_Project_Final/project_1
# Command line: vivado.exe -gui_launcher_event rodinguilauncherevent25912 C:\Users\parkj\Desktop\RV32I_Project_Final\project_1\project_1.xpr
# Log file: C:/Users/parkj/Desktop/RV32I_Project_Final/project_1/vivado.log
# Journal file: C:/Users/parkj/Desktop/RV32I_Project_Final/project_1\vivado.jou
#-----------------------------------------------------------
start_gui
open_project C:/Users/parkj/Desktop/RV32I_Project_Final/project_1/project_1.xpr
update_compile_order -fileset sources_1
launch_simulation
launch_simulation
launch_simulation
open_wave_config C:/Users/parkj/Desktop/RV32I_Project_Final/project_1/tb_top_behav.wcfg
source tb_RV32I.tcl
relaunch_sim
close_sim
